<html><head><style></style></head><body><h1 class="toc">Table of contents</h1><div class="toc"></div><h1 id="chapter-1">Chapter 1</h1>
<h2 id="sub-chapter-1-1">Sub Chapter 1.1</h2>
<h2 id="sub-chapter-1-2">Sub Chapter 1.2</h2>
<h2 id="sub-chapter-1-3">Sub Chapter 1.3</h2>
</body></html>