<html><head><style></style></head><body><p><img src="test\fixtures\img\cm.jpg" alt="cookie monster" title="null" />
<img src="test\fixtures\img\cms.jpg" alt="cookie monster small" title="null" /></p>
</body></html>